Enriching 30 rows
Enriched: Malaysian Sovereign Wealth Fund Invests in Animal-Free Dairy
Enriched: Majestic Mind Games Secures $1.45 Million Investment to Supp
Enriched: Longevium to open AI-powered longevity research lab in Dubai
Enriched: Traydstream secures investment from Mashreq&#39;s NeoVenture
Enriched: Moove raises $250M to become the backbone of the robotaxi in
Enriched: AI makes weather prediction better. Can WindBorne make it lu
Enriched: Accel Raises $3.5 Billion to Invest in Emerging Global AI St
Enriched: Accel raises $3.5B to invest in early-stage startups globall
Enriched: Crypto Firm, CEO Accused of Running $400 Million Ponzi Schem
Enriched: Bahraini insurtech Soor raises pre-seed investment from Spri
Enriched: OORI Secures CMA License to Launch Private Markets Platform 
Enriched: Saudi Arabia Data Centre Expansion Could Require Up To $42B 
Enriched: NESR: Jafurah award has been a game changer for shareholders
Enriched: EMERGING opportunities | The Business Year - PressReader
Enriched: UAE, Saudi Arabia lead MENA outbound investment activity in 
Enriched: Arab Therapy closes $2mln pre-series A - Zawya
Enriched: Saudi ConTech Startup Fitting Raises $1.1 Million Seed Round
Enriched: Nesma &amp; Partners announces venture capital arm &#39;Imad
Enriched: Pillsbury Expands Middle East and Global Regulatory Platform
Enriched: FTSE 100 dips with Middle East in focus, Spirax sinks - UK I
Enriched: Majestic Mind Games Secures $1.45 Million Investment to Supp
Enriched: Saudi studio Majestic Mind Games raises $1.45 million in see
Enriched: Burghley Capital: EA Goes Private in $55B Deal - openPR.com
Enriched: Jahez revenue surges in first half of 2026 - Jawlah
Enriched: Saudi investment platform OORI secures CMA licence for arran
Enriched: Iran Is Defying U.S. Pressure by Becoming a &#39;Survival Ec
Enriched: K2 Global Raises $200 Million In Capital Commitments To Inve
Enriched: U.S. Stocks Edge Lower - WSJ
Enriched: Milken Institute plans conference on opening day of Carney&#
Enriched: Mastercard names Yasemin Bedir president of Eastern Europe, 
Enrichment done
